<?xml version="1.0" encoding="UTF-8"?>
<testsuites name="Mocha Tests" time="0.0000" tests="1" failures="0">
  <testsuite name="Root Suite" timestamp="2026-03-17T11:04:19" tests="0" time="0.0000" failures="0">
  </testsuite>
  <testsuite name="Basic sanity" timestamp="2026-03-17T11:04:19" tests="1" file="C:\Users\mase_\OneDrive\Desktop\CA 1 60% 13 March submission Local\SimpleApplication\test\test.js" time="0.0000" failures="0">
    <testcase name="Basic sanity should pass" time="0.0000" classname="should pass">
    </testcase>
  </testsuite>
</testsuites>